// Jest Snapshot v1, https://goo.gl/fbAQLP

exports[`AboutView.vue matches snapshot 1`] = `
<div class="about">
  <h1>This is the About page</h1>
</div>
`;
