// Jest Snapshot v1, https://goo.gl/fbAQLP

exports[`HomeView.vue matches snapshot 1`] = `
<div class="home">
  <h1>Welcome to the Home Page</h1>
  <posts-view-stub></posts-view-stub>
</div>
`;
